// Jest Snapshot v1, https://goo.gl/fbAQLP

exports[`releaseLib symmetric difference \`getSymmetricDifference\` gets the symmetric difference between fixture branches 1`] = `
[
  "< a070dac21fce536a2ea49a10de010d3690a4e6f6 chore(deps): bump undici from 5.22.1 to 5.26.3 (#9307)",
  "< 01f6565ce058273fc2c0389f04c3f93b9a9749bb fix(babel): Fix opentelemetry api wrapping and allow it to be disabled (#9298)",
  "< 97b235fd343efdc8fa267e7d6ca07b5b4cb06465 chore(api-server): remove server survey tests in CI (#9348)",
  "< be2cb77b228d01394e13e216aa2b37190fbe2518 chore(deps): update babel monorepo to v7.23.2 (#9344)",
  "< 602aba999faf47c7ebfa886fa3433b60b86e417e chore(deps): bump @babel/traverse from 7.18.9 to 7.23.2 in /docs (#9311)",
  "< e57d214aeb4b0407a13882831cbb24ebaa68f51d chore(deps): update dependency @tsconfig/docusaurus to v2 (#9347)",
  "< 4505b60136e6479dbf8ee40c56b7756a9566a787 fix(deps): update dependency react-player to v2.13.0 (#9346)",
  "< ee1ad2745a0ec151af2e002ee220ca3b4caf412b fix(deps): update docusaurus monorepo to v2.4.3 (#9345)",
  "< 3d18bce20c9a565d99a4cc7e78aab2c8a72fbd64 fix(deps): update dependency @babel/traverse to v7.23.2 [security] (#9322)",
  "< 73579f84378d8dfd64437406eb9add63b010ef09 chore: increase server test timeout, fix \`yarn build:clean\` (#9336)",
  "< a12d411c37f780a9b1cd2f7ee0429808f72387e0 feature: Adds utility functions to add envars and update Redwood toml for plugin packages to cli helpers for use in simplifying CLI setup commands (#9324)",
  "< 8e59d9198e7c253c6ef3d002fa646144b4a0a297 fix(cli): Tailwind setup updates \`scaffold.css\` when needed (#9290)",
  "< 045531957188895e3ee42c3815030445bb59b87f fix(cli): Exit with non-zero exit code when \`yarn rw g types\` has errors (#9280)",
  "< 8e676c83f6f0838982826afbf2a241219a26f62c Update all GitHub actions to run on Node 20 (#9334)",
  "< c8c8a3b1e3c599a610b3856b71078357e70e44be RSC: vite externalConditions (#9333)",
  "< 45065da262c1a57d67b0013ea7168c0fca687dc6 RSC: test-project-rsa: Fix TS type error in onSend (#9332)",
  "< 4c5a3ebd1e254b4558c6d2d5c7800514e6b04b2d Don't remount wrap components when navigating within Set (#9312)",
  "< 35c0eeba90187d60b92c975ee202362035fcb6c2 chore(api-server): improve tests (#9325)",
  "< 18c5d961f203820facc8a42eebe2d382ed7ff7dd RSC: Implement RSC worker (#9331)",
  "< 9d4a1e7b031138527f9e654275b443535070ae36 fix(babel): Improved message for error relating to multiple files ending in \`Page.{js,jsx,ts,tsx}\` in page directories (#9329)",
  "< 433d8ef99b0025cf2a5d6faceef303be6089f155 RSC: createRscRequestHandler (#9330)",
  "< 104c8e289340310dd4cba7d8cc20666a9abb85e6 RSA smoke-test (#9327)",
  "< 6d4fd3eed2006db5b63e7dd21fae6820f3d7e954 Upgrade to vite v4.5.0 (#9328)",
  "< f157c3ec9c76848716311c928a047138775279a3 RSC e2e scripts: Fix console.log text. Change local test path (#9326)",
  "< daaa1998837bdb6eaa42d9160292e781fadb3dc8 fix(stream-ssr): Cancel the timeout when the react stream has finished (#9317)",
  "< c44a5244ae5d7b07f215777bab387ef3dc883a55 Fix Set wrapper type so you can have an array of wrappers (#9314)",
  "< fca02b61b747751aa88dd71c4280779a91452d07 \`<PrivateSet>\` (#9303)",
  "< e2cf25db2518833ad0b833c5e6b5308557ecc7fd fix(ssr-build): Generate document in ssr build too! (#9310)",
  "< 984c9e067fc26c5c1487ae3ee1255504f98e257c fix(fastify): Dont fallback to index html if requesting static assets (#9272)",
  "< 43efb0f4b1f7f7d0c00878463a70c23db19a7071 chore: Restore name of terminating Apollo link to httpLink (#9205)",
  "< 1ed2b5b477a6b08a0d4731160591bebfaaeac34b feat(streaming-ssr): Various bug fixes and migrate to FetchAPI/Web streams (#9295)",
  "< 14f5b0d9c2576087024fd69e5a2fe409019b13da Router utils: Fix some spelling misstakes and other minor changes (#9302)",
  "< d6436e46ec3564441d9765877c2a50e6cb8fb030 feat(cli-helpers): Root package install and RWJS env var (#9296)",
  "< 79a7e0163b53318af7ae0eb20b63ce8b118d64c7 Conditionally guarantee cell success data (#9037)",
  "< 10a856d8377f4ef96f24ed0db0720c7128d019f5 Cell generator: Fix formatting in template (#9301)",
  "< 3ed46eceb6b39de1b55a4be20cb1cee0b9f49615 chore(router): Add missing tests in analyze routes (#9274)",
  "< 43b68459c0057c20a91163ce39e25a35fc7e48cf fix(deps): update prisma monorepo to v5.4.2 (#9294)",
  "< ba296b40d90292100bb765d58f664d2e27949a63 fix(deps): update apollo graphql packages (#9292)",
  "< 282b8343ff5884b1373164097d2f1ed96024b646 fix(deps): update dependency @fastify/static to v6.11.2 (#9202)",
  "< 4bc0925af2529ef831fd650e951c45a5cebe4421 chore(deps): update dependency firebase to v10.4.0 (#9203)",
  "< 229bd4b241aea267aefae4d2f2983e6ebe063cef fix(serverless): move project-config to auth-dbauth-api dependencies (#9281)",
  "< 58a7a8fe7399f721408d4d1a7050a25f3ef81cef chore(deps): update babel monorepo (#9254)",
  "< 8ddafad958463fdd9b8585c290c86bb843c64861 fix(deps): update dependency vite to v4.4.11 (#9255)",
  "< 6f3ee2541a523e707610bc01ff1b107b1122c566 chore(deps): update dependency postcss to v8.4.31 [security] (#9260)",
  "< 8dc7bdb556305a584181517a726d788f9868a99b fix(deps): update storybook monorepo to v7.4.6 (#9256)",
  "< cd37907d3d6bda782cb73fa38dfe3f810ed39e75 dbAuth: Unique session cookie name per port (#9248)",
  "< 08a67208947c2c48365ecddeee32d0ce43c368fb feat: add experimental docker setup command (#9024)",
  "< 53d86c95a4d58fb58ae4a2edd4c43a6b9d25e5de Include @types/react as devDep in projects (#9250)",
  "< 8c22d4deac32d29b72844f8de3ca72f9bac10a03 graphql possibleTypes: Fix formatting (#9239)",
  "< 18555d0e196cfc69ed322e24cafeb2d228773ae1 RSC: Smoke test (#9194)",
  "< 27d33d3e29276d0d5c61d604034d65b4c6ae5f65 RSC: Handle Windows paths in clientEntries (#9233)",
  "< 61f0f51d8557c591e0432ffe9b75520c0df86ed1 chore(deps): update dependency @clerk/clerk-react to v4.25.1 (#9212)",
  "< 12aa24adc31f1719152ab1d8dc445959a2a43a6e fix(deps): update dependency @clerk/clerk-sdk-node to v4.12.6 (#9214)",
  "< 817eba4501b985424dcdce11068509452d0d3449 fix(deps): update dependency graphql to v16.8.1 [security] (#9228)",
  "< a886bf5703e3d92e70e478272757fd5951f38fe7 chore(deps): update dependency @clerk/types to v3.52.0 (#9213)",
  "< 2cbdf11a07d1b142065c9e1464574287f9625253 feat: Support GraphQL Fragments with Apollo Client and Fragment Registry (#9140)",
  "< a8336bf0b9c533f45b867b6af401b8ba68e27a5e fix(deps): update storybook monorepo to v7.4.3 (#9211)",
  "< 9f69fe6357ced942c23a02e066a604679750b9e9 fix(deps): update dependency @apollo/client to v3.8.4 (#9208)",
  "< 5921359bf6482873df1bf9d9df51f3eaaba9c566 chore(crwa): remove React \`prop-types\` package (#9206)",
  "< ed4ef0894139af0a4305c77bf1fdf92f9dc5511f chore(deps): update dependency react-error-boundary to v4.0.11 (#9181)",
  "< 74d36b75091551bfec46933fbe7746d772ecce19 feat(mailer): Resend handler (#9175)",
  "< 30c4e00e7da21c2b0bc3f710dfa3c48fa93659d9 chore: bump babel packages' versions (#9200)",
  "< 4d06556988b8f1da0a9ecd7d6b0e133707e22921 smoke-tests: Fix red squiggles (type import, * as) (#9193)",
  "< 83d180fc477b17bf33c7673f010b68e9f7d5e0a2 RSC: Check if index.html has already been updated during setup (#9197)",
  "< e2c14ebf9cb4f62d3d5eed63becd4cbf587485a4 RSC: Use react/experimental types (#9196)",
  "< a7bab85513ded97c500399daacf3a39de1fc1378 RSC: Patch vite when running setup command (#9192)",
  "< a436b1cfe82b0ce53baadc0149a5d2831928135b RSC: Support 'use client' in 3pp packages (#9191)",
  "< 1b52e3dda6b6e8fe5ea2522aaee8c687566912b7 chore(deps): update dependency esbuild to v0.19.3 (#9180)",
  "< 1e23e0ab344ff5e70b69000babc9adf006a61d72 fix(deps): update storybook monorepo to v7.4.2 (#9185)",
  "< aa15dad514bec009f275921e048901bd4fd4c2f2 fix(deps): update prisma monorepo to v5.3.1 (#9187)",
  "< adddd23987b8a1003053280fafe772275e932217 chore(deps): update dependency lerna to v7.3.0 (#9186)",
  "< 842d24566fc83623278bf00fe8e2a57f04f31573 fix(deps): update dependency fastify to v4.23.2 (#9184)",
  "< 552eec353a72f426b384263c530eb052601c12ac fix(deps): update dependency @fastify/static to v6.11.1 (#9182)",
  "< dc86db59dcc18e8e711f9f1a0d5196060de7dbbb fix(babel): use caret to specify some package versions (#9174)",
  "< 91fb06b378ea2b156f0cb619033021f4b116a6a7 Allow resuming rebuild-test-project-fixture at a specific sub step (#9173)",
  "< 9d63d080a69f1428bb2b961690ecb09eaee64edd RSC: react-18.3.0-canary-bbc8530ed-20230912 (#9164)",
  "< b8ce4efbd2dea27a01133741994ec3c4f1db9c38 fix(deps): update dependency fastify to v4.23.1 (#9167)",
  "< 08870babd04bdfaa735f645603de0d5c515d66c2 chore(ci): undo changes to test project stories (#9166)",
  "< 49e6221dc8789b87af05ae75002506368a8e9391 fix(deps): update jest monorepo to v29.7.0 (#9163)",
  "< 208bce31a64fdf7d1991f0b98f3e90017ae14f21 chore(deps): update babel monorepo (#9144)",
  "< f40d11b379ac53967e2e35d8480c54ba0ba2a8e2 fix(deps): update dependency fastify to v4.23.0 (#9160)",
  "< a089495bbe3a2e11875ff5071d1745dc104c6918 fix(deps): update dependency react-hook-form to v7.46.1 (#9162)",
  "< 2b056c6da66e115d61929cb8b3f91932ebcc1d72 fix(deps): update dependency msw to v1.3.0 (#9161)",
  "< 15bb687eb63c22d6592a10d075d6786761643533 fix(deps): update storybook monorepo to v7.4.1 (#9159)",
  "< 9257e3944fe1f49a3e9bd39a1f076c02134de28c RSC: Decode RSF args from request (#9157)",
  "< c46bb67a75c4f78b4cbd5d744f52937a567f0e43 RSC: RSF aka Server Actions (#9155)",
  "< d3475cd7041b20106bf73968a1d59dcae611afcd RSC: Make code and execution easier to follow. Improve error handling. (#9154)",
  "< ee334bcf08f760cdfe26c03e7d65dc7da2f76281 RSC: Work around an issue in Rollup (#9153)",
  "< 6af5356c4a964e0b46935edf6c66c8a6593ab7b9 fix(deps): update dependency nodemailer to v6.9.5 (#9145)",
  "< d9404187472ba951c6f1b4b3fd78af4c87683e7f fix(deps): update opentelemetry-js monorepo (#9147)",
  "< 33db0478dcab02ae05ea8d926d1a1e0d89076309 chore(deps): update dependency typescript to v5.2.2 (#9128)",
  "< 7be03fc33f2994f1e712dfdd6ab0dfe8082c2dec fix(deps): update dependency fastify-raw-body to v4.2.2 (#9126)",
  "< 0cc790a6b48a448119b85d4dd7c5453ec792d890 fix(deps): update dependency @fastify/static to v6.11.0 (#9129)",
  "< 9e932fba52d43aa4c1d981b52e64678e8172db6c fix(deps): update dependency core-js to v3.32.2 (#9125)",
  "< c01ae41211aed94c51cfd9754532e402487f9734 fix(deps): update dependency fastify to v4.22.2 (#9124)",
  "< 7dcdf19b25ad0e4dd97e884c01ce956ad6497de7 fix(deps): update dependency @apollo/client to v3.8.3 (#9123)",
  "< 050a16925ab9768374e56f20792bbb2a026488bb Streaming: meta charSet=utf-8 (#9142)",
  "< 634099091ade40b5bba9f86cd6fc573ae5be480c chore(tasks): Benchmark tests (#8578)",
  "< 2897cd718e9a0eceaece63f58fa090e882c49c10 style(eslint): enable \`@typescript-eslint/consistent-type-imports\` (#9082)",
  "< ae11f69df494be05d33e558bfea328b751223f43 Streaming SSR: Fix RWJS_EXP_SSR_GRAPHQL_ENDPOINT logic (#9134)",
  "< 0ff463f05dc1bba7797e3b178dcf788be2bcd028 Support jsx/tsx on the api side (for mail templates, ai-jsx, etc) (#9133)",
  "< 7ee61534f9131657b920f2d95b3d0e8d7a6e4ab2 RSC: Don't set the react-server condition for client builds (#9132)",
  "< e90ae0cb2b06165f8886602b3644c5dfd32d98b1 fix(jest): Include RWJS_DEBUG_ENV in jest web env (#9065)",
  "< 93f28064032842d909de971d42f3d1259eb52413 fix(deps): update dependency @escape.tech/graphql-armor to v2.3.1 (#9114)",
  "< ed8a87d98d8c3e5dad23ac3e2143b46a201194dc chore(deps): update dependency esbuild to v0.19.2 (#9029)",
  "< 80de2bcb4d24ef3ea508f75b2c5ad2a8e3c4c153 chore(deps): update dependency postcss to v8.4.29 (#9109)",
  "< 0c23f67708b286d1e923e4d93aaba238edf66bb3 Streaming fe server: bind to 0.0.0.0 in prod (#9115)",
  "< 8d0ab16aa1c39f1526e4213211608805735f6974 fix(meta): Remove duplicated title and meta attributes (possible edge cases) (#9113)",
  "< 89f0303f2d3ebf8c3fb8a09611066230fd560a4c feat: Mailer packages and studio tooling updates (#9058)",
  "< d7560ec9c1b9b7d6feff3f6a952a49793e6ac8f8 chore(deps): update dependency @apollo/experimental-nextjs-app-support to v0.4.2 (#9021)",
  "< 2b8a5558c6d88f37346346c5f9db2cdd0073f83f feat(Cell Suspense): Allow Cells to not Suspend (#9106)",
  "< 2f49ac90349e2ddd793e0adeaf00967abfd54912 chore(deps): bump @apollo/server from 4.7.5 to 4.9.3 (#9100)",
  "< 2cc76e697d7976ccdd61803ab6503663f25c9250 chore(cli): make \`@redwoodjs/cli-data-migrate\` package size smaller (#9085)",
  "< c55f1c56b3b3279089784f3c388829ca3438e1e1 chore(deps): bump apollo-server-core from 2.25.3 to 2.26.2 in /__fixtures__/example-todo-main (#9103)",
  "< 65acc365f05e2862d50aa86aaf2cd1377137b105 chore(deps): bump @apollo/server from 4.9.2 to 4.9.3 in /__fixtures__/example-todo-main (#9102)",
  "< 029fa48c4186ec820704c666a9c31da448a2f7c4 chore(deps): bump apollo-server-core from 2.11.0 to 2.26.2 in /__fixtures__/example-todo-main-with-errors (#9101)",
  "< 8afc6c0d10c4016cf3d1d7fcbb27eb0e42754be7 Fix yarn lint warnings regarding {} (#9099)",
  "< 52fc187a3c609db9e05dc3d68dd2857f68209d0b chore(deps): update dependency @playwright/test to v1.37.1 (#9098)",
  "< 069101b7ca1115d021a20f4d9b80e9b10107df24 feat(streaming): Make Cells render on the server with useBackgroundQuery and useReadQuery (#9074)",
  "< 4f2791acdcce6058dd7421eb575f09d5c929459b chore(deps): update babel monorepo (#9090)",
  "< 5ae083d9e0bd59b93c9af52ba5eb51f38407cdb2 fix(deps): update jest monorepo (#9092)",
  "< b5fdb47bef8396550f2c53f81f614a7d311b7a9b fix(deps): update storybook monorepo to v7.4.0 (#9095)",
  "< 9958845199de1d58166da7b8f7ad745421851565 fix(deps): update dependency msw to v1.2.5 (#9091)",
  "< bf999c67fc7cdc15dd8eb2d64faba0b6d59a8805 fix(deps): update dependency fastify to v4.22.0 (#9093)",
  "< f3ce9b1efee76c795d8aa076eaa123b2480ae800 fix(deps): update dependency graphql to v16.8.0 (#9094)",
  "< ae4f5cab8fac1394baeea237c1e62dc3fc09e118 chore(deps): update dependency firebase to v10.3.0 (#9086)",
  "< 3c6b845948e334c9afc686512aab4a89d254e8c8 fix(deps): update prisma monorepo to v5.2.0 (#9064)",
  "< fbd39919afc75bd7fc7082e22fcb4f650c916771 chore(deps): bump @adobe/css-tools from 4.1.0 to 4.3.1 in /__fixtures__/example-todo-main (#9089)",
  "< 944a93b1df26afa6749fe34c12f1e334385aef6a chore(deps): bump @adobe/css-tools from 4.2.0 to 4.3.1 (#9088)",
  "< a0834d4d94507deae107893c603f25ad8fa11f97 fix(data-migrate): add \`dotenv-defaults\`, properly plug into CLI (#9087)",
  "< 2d6b93d2f7661025eb49ffe5321f9fef2d65d4eb fix(data-migrate): add missing dependency \`@redwoodjs/cli-helpers\`",
  "< f4ea5138b51f44c02b0085d4a335508aa502ab34 feat(cli): lazy install data migrate and make it runnable on its own (#8572)",
  "< 8ca4b0201a6129efb50414c014bc910b3572625e chore(deps): bump protobufjs from 6.11.3 to 6.11.4 (#9042)",
  "< a13174a5b1b1fd84b0cee0a1d09851ffe86d7cf3 feat: Support GraphQL Subscriptions in Apollo Client using SSE links (#9009)",
  "< c5ba4888a87e5ea0b11ff5d2768d13f47f672eeb feat(streaming): Cleanup/Unify streaming dev and prod server (#9047)",
  "< 8aa76885fdbdd603e2afdeef4d0abba1d0e75477 fix(deps): update storybook monorepo to v7.3.2 (#9020)",
  "< bb3ef0bd6034dfa7c6a38efcdabb444eea9665c7 Create releaseCommits.json",
  "< 33995028445e817a35b669dd1889c20f91a3f8d4 chore(deps): update dependency @auth0/auth0-spa-js to v2.1.1 (#8912)",
  "< fc26cd76c67bd2ef329b7369ca400c8b8063b5da chore(deps): update dependency @azure/msal-browser to v2.38.1 (#8913)",
  "< 8ff7e3cca7bb7d581862c7b00dfe5cda9b25bf18 fix(deps): update jest monorepo to v29.6.2 (#8984)",
  "< 0ec4c5e15488d73e95d08d3965968797ecd23315 chore(deps): update babel monorepo to v7.22.10 (#9016)",
  "< c89e1364c7e9af541438f3274ddf1f92401dc2c8 exp(streaming): Allow SSR with experimental apollo client (#9038)",
  "< 865c9085bf1519c6b2f153b7497ef005d42f3bad manually bump web-server package version",
  "< 7bf030a3c3dd94d7ff95d964d75dc4cd54a0de39 Merge branch 'release/patch/v6.0.7'",
  "| < a38d6f08df99db83239008b75d2bf6f569ea0609 fix(deps): update dependency core-js to v3.32.0 (#9030)",
  "| o a2fcc1618a70a77570943e4bc85d29ea055ab507 chore(deps): update dependency @playwright/test to v1.37.0 (#9028)",
  "o 79faf45ead7bdaa351afb7d5f99ca7ee828939bf v6.0.7",
]
`;
